// Jest Snapshot v1, https://goo.gl/fbAQLP

exports[`RestartSessionButton should match snapshot 1`] = `
<div>
  <Button
    appearance="inverted"
    disabled={false}
    onClick={[Function]}
    size="small"
  >
    <span>
      Restart
    </span>
    <span
      className="largeScreen"
    >
       Session
    </span>
  </Button>
</div>
`;
